------------------------------------------------------------
TimeQuest Timing Analyzer Summary
------------------------------------------------------------

Type  : Slow 1200mV 85C Model Setup 'clock_50MHz'
Slack : -7.158
TNS   : -485.674

Type  : Slow 1200mV 85C Model Setup 'debounce:min_btn|debounced'
Slack : -1.586
TNS   : -9.198

Type  : Slow 1200mV 85C Model Setup 'debounce:hour_btn|debounced'
Slack : -1.557
TNS   : -11.847

Type  : Slow 1200mV 85C Model Setup 'clock_set'
Slack : -1.497
TNS   : -1.497

Type  : Slow 1200mV 85C Model Setup 'alarm_set'
Slack : -1.484
TNS   : -1.484

Type  : Slow 1200mV 85C Model Setup 'hour_set'
Slack : -1.274
TNS   : -1.274

Type  : Slow 1200mV 85C Model Setup 'minute_set'
Slack : -1.101
TNS   : -1.101

Type  : Slow 1200mV 85C Model Hold 'alarm_set'
Slack : 0.306
TNS   : 0.000

Type  : Slow 1200mV 85C Model Hold 'debounce:hour_btn|debounced'
Slack : 0.391
TNS   : 0.000

Type  : Slow 1200mV 85C Model Hold 'clock_50MHz'
Slack : 0.402
TNS   : 0.000

Type  : Slow 1200mV 85C Model Hold 'debounce:min_btn|debounced'
Slack : 0.406
TNS   : 0.000

Type  : Slow 1200mV 85C Model Hold 'minute_set'
Slack : 0.433
TNS   : 0.000

Type  : Slow 1200mV 85C Model Hold 'clock_set'
Slack : 0.623
TNS   : 0.000

Type  : Slow 1200mV 85C Model Hold 'hour_set'
Slack : 0.656
TNS   : 0.000

Type  : Slow 1200mV 85C Model Recovery 'clock_50MHz'
Slack : -3.181
TNS   : -382.560

Type  : Slow 1200mV 85C Model Removal 'clock_50MHz'
Slack : 1.709
TNS   : 0.000

Type  : Slow 1200mV 85C Model Minimum Pulse Width 'clock_50MHz'
Slack : -3.000
TNS   : -243.295

Type  : Slow 1200mV 85C Model Minimum Pulse Width 'alarm_set'
Slack : -3.000
TNS   : -3.000

Type  : Slow 1200mV 85C Model Minimum Pulse Width 'clock_set'
Slack : -3.000
TNS   : -3.000

Type  : Slow 1200mV 85C Model Minimum Pulse Width 'hour_set'
Slack : -3.000
TNS   : -3.000

Type  : Slow 1200mV 85C Model Minimum Pulse Width 'minute_set'
Slack : -3.000
TNS   : -3.000

Type  : Slow 1200mV 85C Model Minimum Pulse Width 'debounce:hour_btn|debounced'
Slack : -1.285
TNS   : -11.565

Type  : Slow 1200mV 85C Model Minimum Pulse Width 'debounce:min_btn|debounced'
Slack : -1.285
TNS   : -8.995

Type  : Slow 1200mV 0C Model Setup 'clock_50MHz'
Slack : -6.502
TNS   : -419.867

Type  : Slow 1200mV 0C Model Setup 'alarm_set'
Slack : -1.475
TNS   : -1.475

Type  : Slow 1200mV 0C Model Setup 'clock_set'
Slack : -1.463
TNS   : -1.463

Type  : Slow 1200mV 0C Model Setup 'debounce:min_btn|debounced'
Slack : -1.446
TNS   : -8.350

Type  : Slow 1200mV 0C Model Setup 'debounce:hour_btn|debounced'
Slack : -1.367
TNS   : -10.025

Type  : Slow 1200mV 0C Model Setup 'hour_set'
Slack : -1.249
TNS   : -1.249

Type  : Slow 1200mV 0C Model Setup 'minute_set'
Slack : -1.039
TNS   : -1.039

Type  : Slow 1200mV 0C Model Hold 'alarm_set'
Slack : 0.272
TNS   : 0.000

Type  : Slow 1200mV 0C Model Hold 'debounce:hour_btn|debounced'
Slack : 0.341
TNS   : 0.000

Type  : Slow 1200mV 0C Model Hold 'clock_50MHz'
Slack : 0.354
TNS   : 0.000

Type  : Slow 1200mV 0C Model Hold 'debounce:min_btn|debounced'
Slack : 0.358
TNS   : 0.000

Type  : Slow 1200mV 0C Model Hold 'minute_set'
Slack : 0.385
TNS   : 0.000

Type  : Slow 1200mV 0C Model Hold 'clock_set'
Slack : 0.569
TNS   : 0.000

Type  : Slow 1200mV 0C Model Hold 'hour_set'
Slack : 0.595
TNS   : 0.000

Type  : Slow 1200mV 0C Model Recovery 'clock_50MHz'
Slack : -2.894
TNS   : -348.496

Type  : Slow 1200mV 0C Model Removal 'clock_50MHz'
Slack : 1.606
TNS   : 0.000

Type  : Slow 1200mV 0C Model Minimum Pulse Width 'clock_50MHz'
Slack : -3.000
TNS   : -243.295

Type  : Slow 1200mV 0C Model Minimum Pulse Width 'alarm_set'
Slack : -3.000
TNS   : -3.000

Type  : Slow 1200mV 0C Model Minimum Pulse Width 'clock_set'
Slack : -3.000
TNS   : -3.000

Type  : Slow 1200mV 0C Model Minimum Pulse Width 'hour_set'
Slack : -3.000
TNS   : -3.000

Type  : Slow 1200mV 0C Model Minimum Pulse Width 'minute_set'
Slack : -3.000
TNS   : -3.000

Type  : Slow 1200mV 0C Model Minimum Pulse Width 'debounce:hour_btn|debounced'
Slack : -1.285
TNS   : -11.565

Type  : Slow 1200mV 0C Model Minimum Pulse Width 'debounce:min_btn|debounced'
Slack : -1.285
TNS   : -8.995

Type  : Fast 1200mV 0C Model Setup 'clock_50MHz'
Slack : -3.015
TNS   : -149.329

Type  : Fast 1200mV 0C Model Setup 'debounce:min_btn|debounced'
Slack : -0.485
TNS   : -2.551

Type  : Fast 1200mV 0C Model Setup 'debounce:hour_btn|debounced'
Slack : -0.315
TNS   : -2.257

Type  : Fast 1200mV 0C Model Setup 'clock_set'
Slack : -0.118
TNS   : -0.118

Type  : Fast 1200mV 0C Model Setup 'alarm_set'
Slack : -0.035
TNS   : -0.035

Type  : Fast 1200mV 0C Model Setup 'hour_set'
Slack : 0.074
TNS   : 0.000

Type  : Fast 1200mV 0C Model Setup 'minute_set'
Slack : 0.117
TNS   : 0.000

Type  : Fast 1200mV 0C Model Hold 'debounce:hour_btn|debounced'
Slack : 0.173
TNS   : 0.000

Type  : Fast 1200mV 0C Model Hold 'debounce:min_btn|debounced'
Slack : 0.181
TNS   : 0.000

Type  : Fast 1200mV 0C Model Hold 'clock_50MHz'
Slack : 0.182
TNS   : 0.000

Type  : Fast 1200mV 0C Model Hold 'alarm_set'
Slack : 0.189
TNS   : 0.000

Type  : Fast 1200mV 0C Model Hold 'minute_set'
Slack : 0.308
TNS   : 0.000

Type  : Fast 1200mV 0C Model Hold 'hour_set'
Slack : 0.369
TNS   : 0.000

Type  : Fast 1200mV 0C Model Hold 'clock_set'
Slack : 0.383
TNS   : 0.000

Type  : Fast 1200mV 0C Model Recovery 'clock_50MHz'
Slack : -1.687
TNS   : -201.504

Type  : Fast 1200mV 0C Model Removal 'clock_50MHz'
Slack : 0.644
TNS   : 0.000

Type  : Fast 1200mV 0C Model Minimum Pulse Width 'clock_50MHz'
Slack : -3.000
TNS   : -201.563

Type  : Fast 1200mV 0C Model Minimum Pulse Width 'alarm_set'
Slack : -3.000
TNS   : -3.010

Type  : Fast 1200mV 0C Model Minimum Pulse Width 'clock_set'
Slack : -3.000
TNS   : -3.000

Type  : Fast 1200mV 0C Model Minimum Pulse Width 'hour_set'
Slack : -3.000
TNS   : -3.000

Type  : Fast 1200mV 0C Model Minimum Pulse Width 'minute_set'
Slack : -3.000
TNS   : -3.000

Type  : Fast 1200mV 0C Model Minimum Pulse Width 'debounce:hour_btn|debounced'
Slack : -1.000
TNS   : -9.000

Type  : Fast 1200mV 0C Model Minimum Pulse Width 'debounce:min_btn|debounced'
Slack : -1.000
TNS   : -7.000

------------------------------------------------------------
